// Jest Snapshot v1, https://goo.gl/fbAQLP

exports[`MainHeader test 올바른 초기 렌더 1`] = `
<DocumentFragment>
  <header
    class="sc-bcXHqe cFjoJE"
  >
    <div
      class="sc-gswNZR hTJXxB"
    >
      POJE
    </div>
    <div
      class="sc-dkrFOg iDgznT"
    >
      <nav
        class="sc-hLBbgP kaFhub"
      >
        <button
          class="sc-eDvSVe czqesj"
          data-type="note"
        >
          <svg
            class="icon"
            data-type="note"
            fill="currentColor"
            height="1em"
            stroke="currentColor"
            stroke-width="0"
            viewBox="0 0 512 512"
            width="1em"
            xmlns="http://www.w3.org/2000/svg"
          >
            <title>
              note-icon
            </title>
            <rect
              fill="none"
              height="320"
              rx="40"
              ry="40"
              stroke-linecap="round"
              stroke-linejoin="round"
              stroke-width="32"
              width="416"
              x="48"
              y="96"
            />
            <path
              d="M112 160l144 112 144-112"
              fill="none"
              stroke-linecap="round"
              stroke-linejoin="round"
              stroke-width="32"
            />
          </svg>
        </button>
      </nav>
    </div>
  </header>
</DocumentFragment>
`;
