// Jest Snapshot v1, https://goo.gl/fbAQLP

exports[`JobPortfoliosByLike 스냅샷 테스트 1`] = `
<DocumentFragment>
  <div
    class="sc-bcXHqe fzPIWk"
  >
    <div
      class="sc-gswNZR dEeHfy"
    >
      <ul
        class="sc-csuSiG lcITfR"
      >
        <li
          class="sc-hLBbgP hfyZwr"
        >
          <div
            class="sc-eDvSVe dFcDTk"
          >
            <img
              alt="명수의 포트폴리오"
              class="sc-jSUZER cLkbEL"
              src="https://pojeawsbucket.s3.ap-northeast-2.amazonaws.com/portfolio/d75081b6-d43a-4fbf-aaa3-03dcc80ca4d1.PNG"
            />
          </div>
          <div
            class="sc-gKPRtg enTVrJ"
          >
            <h2
              class="sc-iBYQkv jVHjpa"
            >
              명수의 포트폴리오
            </h2>
            <p
              class="sc-ftTHYK cvPSBb"
            >
              예비 백엔드 개발자의 포트폴리오입니다.
            </p>
          </div>
          <footer
            class="sc-pyfCe ceXemT"
          >
            <div
              class="sc-jrcTuL leOpnW"
            >
              <img
                class="sc-ipEyDJ hYbAXg"
                src="https://pojeawsbucket.s3.ap-northeast-2.amazonaws.com/profile/9ab46f45-3431-4098-a4da-69c2c21f877d.PNG"
              />
              <p>
                싸르
              </p>
            </div>
            <div
              class="sc-kDvujY hlFFDt"
            >
              <svg
                class="like"
                fill="currentColor"
                height="1em"
                stroke="currentColor"
                stroke-width="0"
                viewBox="0 0 1024 1024"
                width="1em"
                xmlns="http://www.w3.org/2000/svg"
              >
                <path
                  d="M923 283.6a260.04 260.04 0 0 0-56.9-82.8 264.4 264.4 0 0 0-84-55.5A265.34 265.34 0 0 0 679.7 125c-49.3 0-97.4 13.5-139.2 39-10 6.1-19.5 12.8-28.5 20.1-9-7.3-18.5-14-28.5-20.1-41.8-25.5-89.9-39-139.2-39-35.5 0-69.9 6.8-102.4 20.3-31.4 13-59.7 31.7-84 55.5a258.44 258.44 0 0 0-56.9 82.8c-13.9 32.3-21 66.6-21 101.9 0 33.3 6.8 68 20.3 103.3 11.3 29.5 27.5 60.1 48.2 91 32.8 48.9 77.9 99.9 133.9 151.6 92.8 85.7 184.7 144.9 188.6 147.3l23.7 15.2c10.5 6.7 24 6.7 34.5 0l23.7-15.2c3.9-2.5 95.7-61.6 188.6-147.3 56-51.7 101.1-102.7 133.9-151.6 20.7-30.9 37-61.5 48.2-91 13.5-35.3 20.3-70 20.3-103.3.1-35.3-7-69.6-20.9-101.9zM512 814.8S156 586.7 156 385.5C156 283.6 240.3 201 344.3 201c73.1 0 136.5 40.8 167.7 100.4C543.2 241.8 606.6 201 679.7 201c104 0 188.3 82.6 188.3 184.5 0 201.2-356 429.3-356 429.3z"
                />
                <path
                  d="M679.7 201c-73.1 0-136.5 40.8-167.7 100.4C480.8 241.8 417.4 201 344.3 201c-104 0-188.3 82.6-188.3 184.5 0 201.2 356 429.3 356 429.3s356-228.1 356-429.3C868 283.6 783.7 201 679.7 201z"
                />
              </svg>
              <p>
                2
              </p>
            </div>
          </footer>
        </li>
        <li
          class="sc-hLBbgP hfyZwr"
        >
          <div
            class="sc-eDvSVe dFcDTk"
          >
            <img
              alt="승윤의 포트폴리오"
              class="sc-jSUZER cLkbEL"
              src="https://pojeawsbucket.s3.ap-northeast-2.amazonaws.com/portfolio/d75081b6-d43a-4fbf-aaa3-03dcc80ca4d1.PNG"
            />
          </div>
          <div
            class="sc-gKPRtg enTVrJ"
          >
            <h2
              class="sc-iBYQkv jVHjpa"
            >
              승윤의 포트폴리오
            </h2>
            <p
              class="sc-ftTHYK cvPSBb"
            >
              예비 백엔드 개발자의 포트폴리오입니다.
            </p>
          </div>
          <footer
            class="sc-pyfCe ceXemT"
          >
            <div
              class="sc-jrcTuL leOpnW"
            >
              <img
                class="sc-ipEyDJ hYbAXg"
                src="https://pojeawsbucket.s3.ap-northeast-2.amazonaws.com/profile/9ab46f45-3431-4098-a4da-69c2c21f877d.PNG"
              />
              <p>
                싸르
              </p>
            </div>
            <div
              class="sc-kDvujY hlFFDt"
            >
              <svg
                class="like"
                fill="currentColor"
                height="1em"
                stroke="currentColor"
                stroke-width="0"
                viewBox="0 0 1024 1024"
                width="1em"
                xmlns="http://www.w3.org/2000/svg"
              >
                <path
                  d="M923 283.6a260.04 260.04 0 0 0-56.9-82.8 264.4 264.4 0 0 0-84-55.5A265.34 265.34 0 0 0 679.7 125c-49.3 0-97.4 13.5-139.2 39-10 6.1-19.5 12.8-28.5 20.1-9-7.3-18.5-14-28.5-20.1-41.8-25.5-89.9-39-139.2-39-35.5 0-69.9 6.8-102.4 20.3-31.4 13-59.7 31.7-84 55.5a258.44 258.44 0 0 0-56.9 82.8c-13.9 32.3-21 66.6-21 101.9 0 33.3 6.8 68 20.3 103.3 11.3 29.5 27.5 60.1 48.2 91 32.8 48.9 77.9 99.9 133.9 151.6 92.8 85.7 184.7 144.9 188.6 147.3l23.7 15.2c10.5 6.7 24 6.7 34.5 0l23.7-15.2c3.9-2.5 95.7-61.6 188.6-147.3 56-51.7 101.1-102.7 133.9-151.6 20.7-30.9 37-61.5 48.2-91 13.5-35.3 20.3-70 20.3-103.3.1-35.3-7-69.6-20.9-101.9zM512 814.8S156 586.7 156 385.5C156 283.6 240.3 201 344.3 201c73.1 0 136.5 40.8 167.7 100.4C543.2 241.8 606.6 201 679.7 201c104 0 188.3 82.6 188.3 184.5 0 201.2-356 429.3-356 429.3z"
                />
                <path
                  d="M679.7 201c-73.1 0-136.5 40.8-167.7 100.4C480.8 241.8 417.4 201 344.3 201c-104 0-188.3 82.6-188.3 184.5 0 201.2 356 429.3 356 429.3s356-228.1 356-429.3C868 283.6 783.7 201 679.7 201z"
                />
              </svg>
              <p>
                2
              </p>
            </div>
          </footer>
        </li>
      </ul>
    </div>
    <ul
      class="sc-eDWCr gA-DMfG"
    >
      <li
        class="sc-bqWxrE fYSHEI"
        data-testid="prev-end-btn"
      >
        &lt;&lt;
      </li>
      <li
        class="sc-ksBlkl jLcwFf"
      >
        1
      </li>
      <li
        class="sc-bqWxrE fYSHEI"
        data-testid="next-end-btn"
      >
        &gt;&gt;
      </li>
    </ul>
  </div>
</DocumentFragment>
`;
