// Jest Snapshot v1, https://goo.gl/fbAQLP

exports[`JobSearchForm Component 스냅샷 테스트 with param이 주어졌을 때 1`] = `
<DocumentFragment>
  <form
    class="sc-bcXHqe jBFDOT"
  >
    <div
      class="sc-gswNZR bGIUVR"
    >
      <svg
        class="icon"
        fill="currentColor"
        height="1em"
        stroke="currentColor"
        stroke-width="0"
        viewBox="0 0 24 24"
        width="1em"
        xmlns="http://www.w3.org/2000/svg"
      >
        <title>
          search-icon
        </title>
        <path
          d="M19.023 16.977a35.13 35.13 0 0 1-1.367-1.384c-.372-.378-.596-.653-.596-.653l-2.8-1.337A6.962 6.962 0 0 0 16 9c0-3.859-3.14-7-7-7S2 5.141 2 9s3.14 7 7 7c1.763 0 3.37-.66 4.603-1.739l1.337 2.8s.275.224.653.596c.387.363.896.854 1.384 1.367l1.358 1.392.604.646 2.121-2.121-.646-.604c-.379-.372-.885-.866-1.391-1.36zM9 14c-2.757 0-5-2.243-5-5s2.243-5 5-5 5 2.243 5 5-2.243 5-5 5z"
        />
      </svg>
      <input
        class="sc-dkrFOg iJAEwI"
        type="text"
        value="개발자"
      />
      <select
        class="sc-jSUZER dVFesh"
        name="jobCategory"
      >
        <option
          value="개발자"
        >
          개발자
        </option>
        <option
          value="디자이너"
        >
          디자이너
        </option>
        <option
          value="유승윤"
        >
          유승윤
        </option>
      </select>
      <button
        class="sc-hLBbgP bmDMKx"
        title="search-btn"
      />
    </div>
    <button
      class="sc-eDvSVe OjWVY"
      type="button"
    >
      포트폴리오 만들기
    </button>
  </form>
</DocumentFragment>
`;
